ok

C:\Users\anton\CU>git status
On branch master
Your branch is up to date with 'origin/master'.

Untracked files:
  (use "git add <file>..." to include in what will be committed)
        week_16/

nothing added to commit but untracked files present (use "git add" to track)

C:\Users\anton\CU>git add week_16

C:\Users\anton\CU>git status
On branch master
Your branch is up to date with 'origin/master'.

Changes to be committed:
  (use "git restore --staged <file>..." to unstage)
        new file:   week_16/nein.txt


C:\Users\anton\CU>git commit -m "added demo git file"

*** Please tell me who you are.

Run

  git config --global user.email "you@example.com"
  git config --global user.name "Your Name"

to set your account's default identity.
Omit --global to set the identity only in this repository.

fatal: unable to auto-detect email address (got 'anton@DESKTOP-4G8857L.(none)')

C:\Users\anton\CU>git config user.email "antonutrainer@gmail.com"

C:\Users\anton\CU>git commit -m "added demo git file"
[master 76be91d] added demo git file
 1 file changed, 1 insertion(+)
 create mode 100644 week_16/nein.txt

C:\Users\anton\CU>git push
Enumerating objects: 5, done.
Counting objects: 100% (5/5), done.
Delta compression using up to 16 threads
Compressing objects: 100% (2/2), done.
Writing objects: 100% (4/4), 317 bytes | 317.00 KiB/s, done.
Total 4 (delta 1), reused 0 (delta 0), pack-reused 0
remote: Resolving deltas: 100% (1/1), completed with 1 local object.
To https://github.com/AntonTrainer/CU.git
   a80b676..76be91d  master -> master
